// Jest Snapshot v1, https://goo.gl/fbAQLP

exports[`Series 3 Scraper Integration should parse candidates correctly 1`] = `
Array [
  Object {
    "age": 24,
    "id": 0,
    "job": "Market trader and landscaper",
    "location": "Bridlington, England",
    "name": "Jack Marriner-Brown",
    "originalRole": "Faithful",
    "roundStates": Array [
      Object {
        "episode": 1,
        "role": "Faithful",
        "status": "Eliminated",
      },
    ],
    "series": 3,
  },
  Object {
    "age": 34,
    "id": 1,
    "job": "Doctor of Communication",
    "location": "Reading, England",
    "name": "Yin Lü",
    "originalRole": "Faithful",
    "roundStates": Array [
      Object {
        "episode": 1,
        "role": "Faithful",
        "status": "Murdered",
      },
    ],
    "series": 3,
  },
  Object {
    "age": 39,
    "id": 2,
    "job": "Property consultant",
    "location": "London, England",
    "name": "Nathan Khider",
    "originalRole": "Faithful",
    "roundStates": Array [
      Object {
        "episode": 2,
        "role": "Faithful",
        "status": "Banished",
      },
    ],
    "series": 3,
  },
  Object {
    "age": 65,
    "id": 3,
    "job": "Window cleaner",
    "location": "Bournemouth, England",
    "name": "Keith Stewart",
    "originalRole": "Faithful",
    "roundStates": Array [
      Object {
        "episode": 2,
        "role": "Faithful",
        "status": "Murdered",
      },
    ],
    "series": 3,
  },
  Object {
    "age": 24,
    "id": 4,
    "job": "Translator",
    "location": "Cardiff, Wales",
    "name": "Elen Wyn",
    "originalRole": "Faithful",
    "roundStates": Array [
      Object {
        "episode": 2,
        "role": "Faithful",
        "status": "Banished",
      },
    ],
    "series": 3,
  },
  Object {
    "age": 27,
    "id": 5,
    "job": "Financial investigator",
    "location": "London, England",
    "name": "Armani Gouveia",
    "originalRole": "Traitor",
    "roundStates": Array [
      Object {
        "episode": 3,
        "role": "Traitor",
        "status": "Banished",
      },
    ],
    "series": 3,
  },
  Object {
    "age": 25,
    "id": 6,
    "job": "Stay at home mum",
    "location": "Epping, England",
    "name": "Maia Gouveia",
    "originalRole": "Faithful",
    "roundStates": Array [
      Object {
        "episode": 4,
        "role": "Faithful",
        "status": "Murdered",
      },
    ],
    "series": 3,
  },
  Object {
    "age": 33,
    "id": 7,
    "job": "Doctor",
    "location": "Cambridge, England",
    "name": "Kasim Ahmed",
    "originalRole": "Faithful",
    "roundStates": Array [
      Object {
        "episode": 4,
        "role": "Faithful",
        "status": "Banished",
      },
    ],
    "series": 3,
  },
  Object {
    "age": 29,
    "id": 8,
    "job": "Barber",
    "location": "Leicester, England",
    "name": "Tyler Smith",
    "originalRole": "Faithful",
    "roundStates": Array [
      Object {
        "episode": 5,
        "role": "Faithful",
        "status": "Banished",
      },
    ],
    "series": 3,
  },
  Object {
    "age": 26,
    "id": 9,
    "job": "Beautician and model",
    "location": "Horsham, England",
    "name": "Olivia \\"Livi\\" Deane",
    "originalRole": "Faithful",
    "roundStates": Array [
      Object {
        "episode": 6,
        "role": "Faithful",
        "status": "Murdered",
      },
    ],
    "series": 3,
  },
  Object {
    "age": 33,
    "id": 10,
    "job": "Bank risk manager",
    "location": "Liverpool, England",
    "name": "Dan Bird",
    "originalRole": "Faithful",
    "roundStates": Array [
      Object {
        "episode": 6,
        "role": "Faithful",
        "status": "Banished",
      },
    ],
    "series": 3,
  },
  Object {
    "age": 50,
    "id": 11,
    "job": "Community development manager",
    "location": "Birmingham, England",
    "name": "Fozia Fazil",
    "originalRole": "Faithful",
    "roundStates": Array [
      Object {
        "episode": 7,
        "role": "Faithful",
        "status": "Murdered",
      },
    ],
    "series": 3,
  },
  Object {
    "age": 70,
    "id": 12,
    "job": "Retired opera singer",
    "location": "Hitchin, England",
    "name": "Linda Rands",
    "originalRole": "Traitor",
    "roundStates": Array [
      Object {
        "episode": 7,
        "role": "Traitor",
        "status": "Banished",
      },
    ],
    "series": 3,
  },
  Object {
    "age": 28,
    "id": 13,
    "job": "Swimming teacher",
    "location": "Blessington, Ireland",
    "name": "Anna Duke",
    "originalRole": "Faithful",
    "roundStates": Array [
      Object {
        "episode": 8,
        "role": "Faithful",
        "status": "Murdered",
      },
    ],
    "series": 3,
  },
  Object {
    "age": 29,
    "id": 14,
    "job": "Care manager",
    "location": "Whitby, England",
    "name": "Alex Oleksy",
    "originalRole": "Faithful",
    "roundStates": Array [
      Object {
        "episode": 8,
        "role": "Faithful",
        "status": "Banished",
      },
    ],
    "series": 3,
  },
  Object {
    "age": 62,
    "id": 15,
    "job": "Anglican priest",
    "location": "Mawgan-in-Meneage, England",
    "name": "Lisa Coupland",
    "originalRole": "Faithful",
    "roundStates": Array [
      Object {
        "episode": 9,
        "role": "Faithful",
        "status": "Murdered",
      },
    ],
    "series": 3,
  },
  Object {
    "age": 40,
    "id": 16,
    "job": "Retail store manager",
    "location": "Ilkeston, England",
    "name": "Leon Jackman",
    "originalRole": "Faithful",
    "roundStates": Array [
      Object {
        "episode": 9,
        "role": "Faithful",
        "status": "Banished",
      },
    ],
    "series": 3,
  },
  Object {
    "age": 37,
    "id": 17,
    "job": "English teacher",
    "location": "Southampton, England",
    "name": "Joe Scott",
    "originalRole": "Faithful",
    "roundStates": Array [
      Object {
        "episode": 10,
        "role": "Faithful",
        "status": "Murdered",
      },
    ],
    "series": 3,
  },
  Object {
    "age": 29,
    "id": 18,
    "job": "Call centre manager",
    "location": "Liverpool, England",
    "name": "Minah Shannon",
    "originalRole": "Traitor",
    "roundStates": Array [
      Object {
        "episode": 10,
        "role": "Traitor",
        "status": "Banished",
      },
    ],
    "series": 3,
  },
  Object {
    "age": 20,
    "id": 19,
    "job": "Politics student",
    "location": "Peterborough, England",
    "name": "Freddie Fraser",
    "originalRole": "Traitor",
    "roundStates": Array [
      Object {
        "episode": 11,
        "role": "Traitor",
        "status": "Banished",
      },
    ],
    "series": 3,
  },
  Object {
    "age": 32,
    "id": 20,
    "job": "Business director",
    "location": "Basingstoke, England",
    "name": "Charlotte Berman",
    "originalRole": "Traitor",
    "roundStates": Array [
      Object {
        "episode": 12,
        "role": "Traitor",
        "status": "Banished",
      },
    ],
    "series": 3,
  },
  Object {
    "age": 38,
    "id": 21,
    "job": "Former British diplomat",
    "location": "London, England",
    "name": "Alexander Dragonetti",
    "originalRole": "Faithful",
    "roundStates": Array [
      Object {
        "episode": 12,
        "role": "Faithful",
        "status": "Banished",
      },
    ],
    "series": 3,
  },
  Object {
    "age": 44,
    "id": 22,
    "job": "Interior designer",
    "location": "Rye, England",
    "name": "Francesca Rowan-Plowden",
    "originalRole": "Faithful",
    "roundStates": Array [
      Object {
        "episode": 12,
        "role": "Faithful",
        "status": "Banished",
      },
    ],
    "series": 3,
  },
  Object {
    "age": 28,
    "id": 23,
    "job": "Project manager, and former CP football player.",
    "location": "Barrow-in-Furness, England",
    "name": "Jake Brown",
    "originalRole": "Faithful",
    "roundStates": Array [
      Object {
        "episode": 12,
        "role": "Faithful",
        "status": "Winner",
      },
    ],
    "series": 3,
  },
  Object {
    "age": 28,
    "id": 24,
    "job": "Former soldier",
    "location": "Holywell, Wales",
    "name": "Leanne Quigley",
    "originalRole": "Faithful",
    "roundStates": Array [
      Object {
        "episode": 12,
        "role": "Faithful",
        "status": "Winner",
      },
    ],
    "series": 3,
  },
]
`;

exports[`Series 3 Scraper Integration should parse progress/votes correctly 1`] = `
Array [
  Object {
    "name": "Jake",
    "progress": Object {
      "1": "Safe",
      "10": "Freddie",
      "11": "Freddie",
      "12": "Charlotte",
      "2": "Elen",
      "3": "Armani",
      "4": "Kasim",
      "5": "Tyler",
      "6": "Linda",
      "7": "Linda",
      "8": "Alex",
      "9": "Francesca",
    },
  },
  Object {
    "name": "Leanne",
    "progress": Object {
      "1": "Safe",
      "10": "Alexander",
      "11": "Freddie",
      "12": "Charlotte",
      "2": "Charlotte",
      "3": "Armani",
      "4": "Freddie",
      "5": "Tyler",
      "6": "Dan",
      "7": "Linda",
      "8": "Alex",
      "9": "Francesca",
    },
  },
  Object {
    "name": "Francesca",
    "progress": Object {
      "1": "Safe",
      "10": "Minah",
      "11": "Freddie",
      "12": "Charlotte",
      "2": "Kasim",
      "3": "Maia",
      "4": "Freddie",
      "5": "Tyler",
      "6": "Alex",
      "7": "Leanne",
      "8": "Alex",
      "9": "Leon",
    },
  },
  Object {
    "name": "Alexander",
    "progress": Object {
      "1": "Safe",
      "10": "Minah",
      "11": "Freddie",
      "12": "Charlotte",
      "2": "Eliminated",
      "3": "Eliminated",
      "4": "Safe",
      "5": "Lisa",
      "6": "Linda",
      "7": "Leanne",
      "8": "Alex",
      "9": "Leon",
    },
  },
  Object {
    "name": "Charlotte",
    "progress": Object {
      "1": "Safe",
      "10": "Minah",
      "11": "Freddie",
      "12": "Francesca",
      "2": "Kasim",
      "3": "Kasim",
      "4": "Anna",
      "5": "Tyler",
      "6": "Linda",
      "7": "Linda",
      "8": "Leon",
      "9": "Leon",
    },
  },
  Object {
    "name": "Freddie",
    "progress": Object {
      "1": "Safe",
      "10": "Minah",
      "11": "Charlotte",
      "12": "Banished",
      "2": "Elen",
      "3": "Armani",
      "4": "Kasim",
      "5": "Tyler",
      "6": "Dan",
      "7": "Linda",
      "8": "Alex",
      "9": "Leon",
    },
  },
  Object {
    "name": "Minah",
    "progress": Object {
      "1": "Safe",
      "10": "Freddie",
      "11": "Banished",
      "12": "Banished",
      "2": "Charlotte",
      "3": "Armani",
      "4": "Kasim",
      "5": "Tyler",
      "6": "Dan",
      "7": "Linda",
      "8": "Alex",
      "9": "Francesca",
    },
  },
  Object {
    "name": "Joe",
    "progress": Object {
      "1": "Safe",
      "10": "Murdered",
      "11": "Murdered",
      "12": "Murdered",
      "2": "Kasim",
      "3": "Kasim",
      "4": "Kasim",
      "5": "Tyler",
      "6": "Linda",
      "7": "Linda",
      "8": "Alex",
      "9": "Leon",
    },
  },
  Object {
    "name": "Leon",
    "progress": Object {
      "1": "Safe",
      "10": "Banished",
      "11": "Banished",
      "12": "Banished",
      "2": "Elen",
      "3": "Armani",
      "4": "Kasim",
      "5": "Tyler",
      "6": "Dan",
      "7": "Linda",
      "8": "Alex",
      "9": "Francesca",
    },
  },
  Object {
    "name": "Lisa",
    "progress": Object {
      "1": "Safe",
      "10": "Murdered",
      "11": "Murdered",
      "12": "Murdered",
      "2": "Francesca",
      "3": "Joe",
      "4": "Anna",
      "5": "Tyler",
      "6": "Dan",
      "7": "Alexander",
      "8": "Leon",
      "9": "Murdered",
    },
  },
  Object {
    "name": "Alex",
    "progress": Object {
      "1": "Safe",
      "10": "Banished",
      "11": "Banished",
      "12": "Banished",
      "2": "Elen",
      "3": "Armani",
      "4": "Anna",
      "5": "Tyler",
      "6": "Dan",
      "7": "Leanne",
      "8": "Freddie",
      "9": "Banished",
    },
  },
  Object {
    "name": "Anna",
    "progress": Object {
      "1": "Safe",
      "10": "Murdered",
      "11": "Murdered",
      "12": "Murdered",
      "2": "Elen",
      "3": "Kasim",
      "4": "Kasim",
      "5": "Lisa",
      "6": "Alex",
      "7": "Minah",
      "8": "Murdered",
      "9": "Murdered",
    },
  },
  Object {
    "name": "Linda",
    "progress": Object {
      "1": "Safe",
      "10": "Banished",
      "11": "Banished",
      "12": "Banished",
      "2": "Elen",
      "3": "Jake",
      "4": "Anna",
      "5": "Tyler",
      "6": "Fozia",
      "7": "Alexander",
      "8": "Banished",
      "9": "Banished",
    },
  },
  Object {
    "name": "Fozia",
    "progress": Object {
      "1": "Safe",
      "10": "Murdered",
      "11": "Murdered",
      "12": "Murdered",
      "2": "Eliminated",
      "3": "Eliminated",
      "4": "Safe",
      "5": "Lisa",
      "6": "Dan",
      "7": "Murdered",
      "8": "Murdered",
      "9": "Murdered",
    },
  },
  Object {
    "name": "Dan",
    "progress": Object {
      "1": "Safe",
      "10": "Banished",
      "11": "Banished",
      "12": "Banished",
      "2": "Freddie",
      "3": "Armani",
      "4": "Anna",
      "5": "Tyler",
      "6": "Leanne",
      "7": "Banished",
      "8": "Banished",
      "9": "Banished",
    },
  },
  Object {
    "name": "Livi",
    "progress": Object {
      "1": "Safe",
      "10": "Murdered",
      "11": "Murdered",
      "12": "Murdered",
      "2": "Elen",
      "3": "Armani",
      "4": "Freddie",
      "5": "Freddie",
      "6": "Murdered",
      "7": "Murdered",
      "8": "Murdered",
      "9": "Murdered",
    },
  },
  Object {
    "name": "Tyler",
    "progress": Object {
      "1": "Safe",
      "10": "Banished",
      "11": "Banished",
      "12": "Banished",
      "2": "Elen",
      "3": "Armani",
      "4": "Kasim",
      "5": "Freddie",
      "6": "Banished",
      "7": "Banished",
      "8": "Banished",
      "9": "Banished",
    },
  },
  Object {
    "name": "Kasim",
    "progress": Object {
      "1": "Safe",
      "10": "Banished",
      "11": "Banished",
      "12": "Banished",
      "2": "Charlotte",
      "3": "Freddie",
      "4": "Freddie",
      "5": "Banished",
      "6": "Banished",
      "7": "Banished",
      "8": "Banished",
      "9": "Banished",
    },
  },
  Object {
    "name": "Maia",
    "progress": Object {
      "1": "Safe",
      "10": "Murdered",
      "11": "Murdered",
      "12": "Murdered",
      "2": "Elen",
      "3": "Freddie",
      "4": "Murdered",
      "5": "Murdered",
      "6": "Murdered",
      "7": "Murdered",
      "8": "Murdered",
      "9": "Murdered",
    },
  },
  Object {
    "name": "Armani",
    "progress": Object {
      "1": "Safe",
      "10": "Banished",
      "11": "Banished",
      "12": "Banished",
      "2": "Charlotte",
      "3": "Charlotte",
      "4": "Banished",
      "5": "Banished",
      "6": "Banished",
      "7": "Banished",
      "8": "Banished",
      "9": "Banished",
    },
  },
  Object {
    "name": "Elen",
    "progress": Object {
      "1": "Safe",
      "10": "Banished",
      "11": "Banished",
      "12": "Banished",
      "2": "Linda",
      "3": "Banished",
      "4": "Banished",
      "5": "Banished",
      "6": "Banished",
      "7": "Banished",
      "8": "Banished",
      "9": "Banished",
    },
  },
  Object {
    "name": "Keith",
    "progress": Object {
      "1": "Safe",
      "10": "Murdered",
      "11": "Murdered",
      "12": "Murdered",
      "2": "Murdered",
      "3": "Murdered",
      "4": "Murdered",
      "5": "Murdered",
      "6": "Murdered",
      "7": "Murdered",
      "8": "Murdered",
      "9": "Murdered",
    },
  },
  Object {
    "name": "Nathan",
    "progress": Object {
      "1": "Safe",
      "10": "Banished",
      "11": "Banished",
      "12": "Banished",
      "2": "Banished",
      "3": "Banished",
      "4": "Banished",
      "5": "Banished",
      "6": "Banished",
      "7": "Banished",
      "8": "Banished",
      "9": "Banished",
    },
  },
  Object {
    "name": "Yin",
    "progress": Object {
      "1": "Safe",
      "10": "Murdered",
      "11": "Murdered",
      "12": "Murdered",
      "2": "Murdered",
      "3": "Murdered",
      "4": "Murdered",
      "5": "Murdered",
      "6": "Murdered",
      "7": "Murdered",
      "8": "Murdered",
      "9": "Murdered",
    },
  },
  Object {
    "name": "Jack",
    "progress": Object {
      "1": "Safe",
      "10": "Eliminated",
      "11": "Eliminated",
      "12": "Eliminated",
      "2": "Eliminated",
      "3": "Eliminated",
      "4": "Eliminated",
      "5": "Eliminated",
      "6": "Eliminated",
      "7": "Eliminated",
      "8": "Eliminated",
      "9": "Eliminated",
    },
  },
]
`;
