// Jest Snapshot v1, https://goo.gl/fbAQLP

exports[`Series 2 Scraper Integration should parse candidates correctly 1`] = `
Array [
  Object {
    "age": 67,
    "id": 0,
    "job": "Retired shop owner",
    "location": "Loughborough, England",
    "name": "Aubrey Emerson",
    "originalRole": "Faithful",
    "roundStates": Array [
      Object {
        "episode": 2,
        "role": "Faithful",
        "status": "Murdered",
      },
    ],
  },
  Object {
    "age": 66,
    "id": 1,
    "job": "Volunteer business mentor",
    "location": "Poulton-le-Fylde, England",
    "name": "Sonja Clarke",
    "originalRole": "Faithful",
    "roundStates": Array [
      Object {
        "episode": 2,
        "role": "Faithful",
        "status": "Banished",
      },
    ],
  },
  Object {
    "age": 21,
    "id": 2,
    "job": "Apprentice economist",
    "location": "Kent, England",
    "name": "Kyra Johnson",
    "originalRole": "Faithful",
    "roundStates": Array [
      Object {
        "episode": 3,
        "role": "Faithful",
        "status": "Murdered",
      },
    ],
  },
  Object {
    "age": 33,
    "id": 3,
    "job": "Photographer",
    "location": "Glasgow, Scotland",
    "name": "Brian Davidson",
    "originalRole": "Faithful",
    "roundStates": Array [
      Object {
        "episode": 4,
        "role": "Faithful",
        "status": "Banished",
      },
    ],
  },
  Object {
    "age": 45,
    "id": 4,
    "job": "Events coordinator",
    "location": "London, England",
    "name": "Ash Bibi",
    "originalRole": "Traitor",
    "roundStates": Array [
      Object {
        "episode": 5,
        "role": "Traitor",
        "status": "Banished",
      },
    ],
  },
  Object {
    "age": 22,
    "id": 5,
    "job": "Illustrator",
    "location": "Hereford, England",
    "name": "Meg Corrick",
    "originalRole": "Faithful",
    "roundStates": Array [
      Object {
        "episode": 5,
        "role": "Faithful",
        "status": "Murdered",
      },
    ],
  },
  Object {
    "age": 31,
    "id": 6,
    "job": "Ex-military",
    "location": "Luton, England",
    "name": "Jonny Holloway",
    "originalRole": "Faithful",
    "roundStates": Array [
      Object {
        "episode": 5,
        "role": "Faithful",
        "status": "Banished",
      },
    ],
  },
  Object {
    "age": 58,
    "id": 7,
    "job": "Sonographer & clairvoyant",
    "location": "Inverness, Scotland",
    "name": "Tracey Griffin",
    "originalRole": "Faithful",
    "roundStates": Array [
      Object {
        "episode": 6,
        "role": "Faithful",
        "status": "Murdered",
      },
    ],
  },
  Object {
    "age": 44,
    "id": 8,
    "job": "Chess coach",
    "location": "Birmingham, England",
    "name": "Anthony Mathurin",
    "originalRole": "Faithful",
    "roundStates": Array [
      Object {
        "episode": 6,
        "role": "Faithful",
        "status": "Banished",
      },
    ],
  },
  Object {
    "age": 63,
    "id": 9,
    "job": "Retired teacher",
    "location": "Lytham St Annes, England",
    "name": "Diane Carson",
    "originalRole": "Faithful",
    "roundStates": Array [
      Object {
        "episode": 7,
        "role": "Faithful",
        "status": "Murdered",
      },
    ],
  },
  Object {
    "age": 37,
    "id": 10,
    "job": "Veterinary nurse",
    "location": "Worcester, England",
    "name": "Miles Asteri",
    "originalRole": "Traitor",
    "roundStates": Array [
      Object {
        "episode": 7,
        "role": "Traitor",
        "status": "Banished",
      },
    ],
  },
  Object {
    "age": 36,
    "id": 11,
    "job": "Business manager",
    "location": "Manchester, England",
    "name": "Paul Gorton",
    "originalRole": "Traitor",
    "roundStates": Array [
      Object {
        "episode": 8,
        "role": "Traitor",
        "status": "Banished",
      },
    ],
  },
  Object {
    "age": 34,
    "id": 12,
    "job": "Mental health area manager",
    "location": "Bristol, England",
    "name": "Charlie Bees",
    "originalRole": "Faithful",
    "roundStates": Array [
      Object {
        "episode": 9,
        "role": "Faithful",
        "status": "Murdered",
      },
    ],
  },
  Object {
    "age": 32,
    "id": 13,
    "job": "Recruitment manager",
    "location": "Atherstone, England",
    "name": "Charlotte Chilton",
    "originalRole": "Faithful",
    "roundStates": Array [
      Object {
        "episode": 9,
        "role": "Faithful",
        "status": "Banished",
      },
    ],
  },
  Object {
    "age": 28,
    "id": 14,
    "job": "Video director",
    "location": "Lytham St Annes, England",
    "name": "Ross Carson",
    "originalRole": "Traitor",
    "roundStates": Array [
      Object {
        "episode": 10,
        "role": "Traitor",
        "status": "Banished",
      },
    ],
  },
  Object {
    "age": 27,
    "id": 15,
    "job": "Parliamentary affairs advisor",
    "location": "London, England",
    "name": "Zack Davies",
    "originalRole": "Faithful",
    "roundStates": Array [
      Object {
        "episode": 11,
        "role": "Faithful",
        "status": "Murdered",
      },
    ],
  },
  Object {
    "age": 26,
    "id": 16,
    "job": "Sales executive",
    "location": "London, England",
    "name": "Jasmine Boatswain",
    "originalRole": "Faithful",
    "roundStates": Array [
      Object {
        "episode": 11,
        "role": "Faithful",
        "status": "Banished",
      },
    ],
  },
  Object {
    "age": 29,
    "id": 17,
    "job": "Veterinary nurse",
    "location": "Inverness, Scotland",
    "name": "Evie Morrison",
    "originalRole": "Faithful",
    "roundStates": Array [
      Object {
        "episode": 12,
        "role": "Faithful",
        "status": "Banished",
      },
    ],
  },
  Object {
    "age": 45,
    "id": 18,
    "job": "Insurance broker",
    "location": "Talbot Green, Wales",
    "name": "Andrew Jenkins",
    "originalRole": "Traitor",
    "roundStates": Array [
      Object {
        "episode": 12,
        "role": "Traitor",
        "status": "Banished",
      },
    ],
  },
  Object {
    "age": 30,
    "id": 19,
    "job": "National account manager",
    "location": "Manchester, England",
    "name": "Jaz Singh",
    "originalRole": "Faithful",
    "roundStates": Array [
      Object {
        "episode": 12,
        "role": "Faithful",
        "status": "Banished",
      },
    ],
  },
  Object {
    "age": 21,
    "id": 20,
    "job": "Disability model",
    "location": "Bristol, England",
    "name": "Mollie Pearce",
    "originalRole": "Faithful",
    "roundStates": Array [
      Object {
        "episode": 12,
        "role": "Faithful",
        "status": "RunnerUp",
      },
    ],
  },
  Object {
    "age": 22,
    "id": 21,
    "job": "British army engineer",
    "location": "Slough, England",
    "name": "Harry Clark",
    "originalRole": "Traitor",
    "roundStates": Array [
      Object {
        "episode": 12,
        "role": "Traitor",
        "status": "Winner",
      },
    ],
  },
]
`;

exports[`Series 2 Scraper Integration should parse progress/votes correctly 1`] = `
Array [
  Object {
    "name": "Harry",
    "progress": Object {
      "1": "Safe",
      "10": "Ross",
      "11": "Jasmine",
      "12": "Evie",
      "2": "Zack",
      "3": "Zack",
      "4": "Ash",
      "5": "Jonny",
      "6": "Zack",
      "7": "Miles",
      "8": "Paul",
      "9": "Charlotte",
    },
  },
  Object {
    "name": "Mollie",
    "progress": Object {
      "1": "Safe",
      "10": "Ross",
      "11": "Andrew",
      "12": "Evie",
      "2": "Sonja",
      "3": "Anthony",
      "4": "Ash",
      "5": "Jonny",
      "6": "Anthony",
      "7": "Miles",
      "8": "Paul",
      "9": "Jaz",
    },
  },
  Object {
    "name": "Jaz",
    "progress": Object {
      "1": "Safe",
      "10": "Ross",
      "11": "Jasmine",
      "12": "Evie",
      "2": "Sonja",
      "3": "Brian",
      "4": "Paul",
      "5": "Jonny",
      "6": "Andrew",
      "7": "Andrew",
      "8": "Paul",
      "9": "Charlotte",
    },
  },
  Object {
    "name": "Andrew",
    "progress": Object {
      "1": "Safe",
      "10": "Ross",
      "11": "Jasmine",
      "12": "Evie",
      "2": "Sonja",
      "3": "Ash",
      "4": "Ash",
      "5": "Jonny",
      "6": "Zack",
      "7": "Miles",
      "8": "Jaz",
      "9": "Charlotte",
    },
  },
  Object {
    "name": "Evie",
    "progress": Object {
      "1": "Safe",
      "10": "Ross",
      "11": "Jasmine",
      "12": "Andrew",
      "2": "Sonja",
      "3": "Ash",
      "4": "Ash",
      "5": "Jonny",
      "6": "Anthony",
      "7": "Paul",
      "8": "Paul",
      "9": "Charlotte",
    },
  },
  Object {
    "name": "Jasmine",
    "progress": Object {
      "1": "Safe",
      "10": "Zack",
      "11": "Evie",
      "12": "Banished",
      "2": "Sonja",
      "3": "Brian",
      "4": "Ash",
      "5": "Jonny",
      "6": "Anthony",
      "7": "Miles",
      "8": "Paul",
      "9": "Charlotte",
    },
  },
  Object {
    "name": "Zack",
    "progress": Object {
      "1": "Safe",
      "10": "Ross",
      "11": "Murdered",
      "12": "Murdered",
      "2": "Sonja",
      "3": "Diane",
      "4": "Meg",
      "5": "Anthony",
      "6": "Anthony",
      "7": "Miles",
      "8": "Paul",
      "9": "Jasmine",
    },
  },
  Object {
    "name": "Ross",
    "progress": Object {
      "1": "Safe",
      "10": "Andrew",
      "11": "Banished",
      "12": "Banished",
      "2": "Sonja",
      "3": "Meg",
      "4": "Ash",
      "5": "Jonny",
      "6": "Anthony",
      "7": "Miles",
      "8": "Jaz",
      "9": "Charlotte",
    },
  },
  Object {
    "name": "Charlotte",
    "progress": Object {
      "1": "Safe",
      "10": "Banished",
      "11": "Banished",
      "12": "Banished",
      "2": "Sonja",
      "3": "Brian",
      "4": "Ash",
      "5": "Jonny",
      "6": "Anthony",
      "7": "Miles",
      "8": "Paul",
      "9": "Jasmine",
    },
  },
  Object {
    "name": "Charlie",
    "progress": Object {
      "1": "Safe",
      "10": "Murdered",
      "11": "Murdered",
      "12": "Murdered",
      "2": "Sonja",
      "3": "Diane",
      "4": "Ash",
      "5": "Anthony",
      "6": "Ross",
      "7": "Miles",
      "8": "Jaz",
      "9": "Murdered",
    },
  },
  Object {
    "name": "Paul",
    "progress": Object {
      "1": "Safe",
      "10": "Banished",
      "11": "Banished",
      "12": "Banished",
      "2": "Sonja",
      "3": "Jaz",
      "4": "Ash",
      "5": "Jonny",
      "6": "Jaz",
      "7": "Miles",
      "8": "Jaz",
      "9": "Banished",
    },
  },
  Object {
    "name": "Miles",
    "progress": Object {
      "1": "Safe",
      "10": "Banished",
      "11": "Banished",
      "12": "Banished",
      "2": "Sonja",
      "3": "Zack",
      "4": "Ash",
      "5": "Zack",
      "6": "Anthony",
      "7": "Paul",
      "8": "Banished",
      "9": "Banished",
    },
  },
  Object {
    "name": "Diane",
    "progress": Object {
      "1": "Safe",
      "10": "Murdered",
      "11": "Murdered",
      "12": "Murdered",
      "2": "Anthony",
      "3": "Ash",
      "4": "Ash",
      "5": "Jonny",
      "6": "Andrew",
      "7": "Murdered",
      "8": "Murdered",
      "9": "Murdered",
    },
  },
  Object {
    "name": "Anthony",
    "progress": Object {
      "1": "Safe",
      "10": "Banished",
      "11": "Banished",
      "12": "Banished",
      "2": "Diane",
      "3": "Zack",
      "4": "Ash",
      "5": "Jonny",
      "6": "Zack",
      "7": "Banished",
      "8": "Banished",
      "9": "Banished",
    },
  },
  Object {
    "name": "Tracey",
    "progress": Object {
      "1": "Safe",
      "10": "Murdered",
      "11": "Murdered",
      "12": "Murdered",
      "2": "Anthony",
      "3": "Ash",
      "4": "Ash",
      "5": "Jonny",
      "6": "Murdered",
      "7": "Murdered",
      "8": "Murdered",
      "9": "Murdered",
    },
  },
  Object {
    "name": "Jonny",
    "progress": Object {
      "1": "Safe",
      "10": "Banished",
      "11": "Banished",
      "12": "Banished",
      "2": "Sonja",
      "3": "Brian",
      "4": "Ash",
      "5": "Ross",
      "6": "Banished",
      "7": "Banished",
      "8": "Banished",
      "9": "Banished",
    },
  },
  Object {
    "name": "Meg",
    "progress": Object {
      "1": "Safe",
      "10": "Murdered",
      "11": "Murdered",
      "12": "Murdered",
      "2": "Diane",
      "3": "Diane",
      "4": "Jasmine",
      "5": "Murdered",
      "6": "Murdered",
      "7": "Murdered",
      "8": "Murdered",
      "9": "Murdered",
    },
  },
  Object {
    "name": "Ash",
    "progress": Object {
      "1": "Safe",
      "10": "Banished",
      "11": "Banished",
      "12": "Banished",
      "2": "Sonja",
      "3": "Diane",
      "4": "Evie",
      "5": "Banished",
      "6": "Banished",
      "7": "Banished",
      "8": "Banished",
      "9": "Banished",
    },
  },
  Object {
    "name": "Brian",
    "progress": Object {
      "1": "Safe",
      "10": "Banished",
      "11": "Banished",
      "12": "Banished",
      "2": "Sonja",
      "3": "Paul",
      "4": "Banished",
      "5": "Banished",
      "6": "Banished",
      "7": "Banished",
      "8": "Banished",
      "9": "Banished",
    },
  },
  Object {
    "name": "Kyra",
    "progress": Object {
      "1": "Safe",
      "10": "Murdered",
      "11": "Murdered",
      "12": "Murdered",
      "2": "Sonja",
      "3": "Murdered",
      "4": "Murdered",
      "5": "Murdered",
      "6": "Murdered",
      "7": "Murdered",
      "8": "Murdered",
      "9": "Murdered",
    },
  },
  Object {
    "name": "Sonja",
    "progress": Object {
      "1": "Safe",
      "10": "Banished",
      "11": "Banished",
      "12": "Banished",
      "2": "Ross",
      "3": "Banished",
      "4": "Banished",
      "5": "Banished",
      "6": "Banished",
      "7": "Banished",
      "8": "Banished",
      "9": "Banished",
    },
  },
  Object {
    "name": "Aubrey",
    "progress": Object {
      "1": "Safe",
      "10": "Murdered",
      "11": "Murdered",
      "12": "Murdered",
      "2": "Murdered",
      "3": "Murdered",
      "4": "Murdered",
      "5": "Murdered",
      "6": "Murdered",
      "7": "Murdered",
      "8": "Murdered",
      "9": "Murdered",
    },
  },
]
`;
